============================= test session starts =============================
platform win32 -- Python 3.13.14, pytest-9.1.1, pluggy-1.6.0 -- C:\Users\3768148\AppData\Local\Microsoft\WindowsApps\PythonSoftwareFoundation.Python.3.13_qbz5n2kfra8p0\python.exe
cachedir: .pytest_cache
django: version: 4.2.30, settings: dnd_app.settings (from env)
rootdir: C:\Users\3768148\OneDrive - Jabil\Documents\scripts\dnd-app\tests
configfile: pytest.ini
plugins: anyio-4.14.2, cov-7.1.0, django-4.12.0
collecting ... collected 108 items

tests\test_admin.py::TestUserManagement::test_admin_user_list_accessible PASSED [  0%]
tests\test_admin.py::TestUserManagement::test_regular_user_cannot_access_user_list PASSED [  1%]
tests\test_admin.py::TestUserManagement::test_create_user_page_accessible PASSED [  2%]
tests\test_admin.py::TestUserManagement::test_create_user_success PASSED [  3%]
tests\test_admin.py::TestUserManagement::test_delete_user_page_accessible PASSED [  4%]
tests\test_admin.py::TestUserManagement::test_delete_user_success PASSED [  5%]
tests\test_admin.py::TestUserManagement::test_cannot_delete_self PASSED  [  6%]
tests\test_admin.py::TestCampaignAdministration::test_admin_campaign_list_accessible PASSED [  7%]
tests\test_admin.py::TestCampaignAdministration::test_regular_user_cannot_access_admin_campaign_list PASSED [  8%]
tests\test_admin.py::TestCampaignAdministration::test_admin_can_view_all_campaigns FAILED [  9%]
tests\test_admin.py::TestDatabaseOperations::test_database_reset_page_accessible PASSED [ 10%]
tests\test_admin.py::TestDatabaseOperations::test_regular_user_cannot_access_database_reset PASSED [ 11%]
tests\test_admin.py::TestSecretWhispers::test_admin_can_view_secrets FAILED [ 12%]
tests\test_admin.py::TestSecretWhispers::test_regular_user_cannot_view_secrets PASSED [ 12%]
tests\test_admin.py::TestAdminPermissions::test_admin_can_access_dm_features PASSED [ 13%]
tests\test_admin.py::TestAdminPermissions::test_admin_can_edit_any_rule_book PASSED [ 14%]
tests\test_authentication.py::TestLoginLogout::test_login_page_accessible PASSED [ 15%]
tests\test_authentication.py::TestLoginLogout::test_login_success PASSED [ 16%]
tests\test_authentication.py::TestLoginLogout::test_login_failure_invalid_credentials PASSED [ 17%]
tests\test_authentication.py::TestLoginLogout::test_logout_success PASSED [ 18%]
tests\test_authentication.py::TestPasswordChange::test_voluntary_password_change_page PASSED [ 19%]
tests\test_authentication.py::TestPasswordChange::test_change_password_forced_on_first_login PASSED [ 20%]
tests\test_authentication.py::TestPermissionAccess::test_admin_pages_require_superuser PASSED [ 21%]
tests\test_authentication.py::TestPermissionAccess::test_admin_pages_accessible_to_superuser PASSED [ 22%]
tests\test_authentication.py::TestPermissionAccess::test_campaign_detail_requires_membership PASSED [ 23%]
tests\test_authentication.py::TestPermissionAccess::test_dm_roster_requires_dm_or_admin PASSED [ 24%]
tests\test_authentication.py::TestPermissionAccess::test_dm_can_access_dm_roster PASSED [ 25%]
tests\test_authentication.py::TestSetupFlow::test_setup_page_accessible PASSED [ 25%]
tests\test_basic_setup.py::TestInfrastructure::test_db_fixture_works PASSED [ 26%]
tests\test_basic_setup.py::TestInfrastructure::test_client_auth_works PASSED [ 27%]
tests\test_basic_setup.py::TestInfrastructure::test_admin_client_works PASSED [ 28%]
tests\test_campaigns.py::TestCampaignCreation::test_create_campaign_page_accessible PASSED [ 29%]
tests\test_campaigns.py::TestCampaignCreation::test_create_campaign_success PASSED [ 30%]
tests\test_campaigns.py::TestCampaignCreation::test_create_campaign_requires_title PASSED [ 31%]
tests\test_campaigns.py::TestCampaignDetail::test_campaign_detail_accessible_to_members PASSED [ 32%]
tests\test_campaigns.py::TestCampaignDetail::test_campaign_detail_shows_correct_data PASSED [ 33%]
tests\test_campaigns.py::TestCampaignDetail::test_campaign_detail_requires_membership PASSED [ 34%]
tests\test_campaigns.py::TestCampaignDeletion::test_delete_campaign_requires_dm_or_admin PASSED [ 35%]
tests\test_campaigns.py::TestCampaignDeletion::test_delete_campaign_as_dm PASSED [ 36%]
tests\test_campaigns.py::TestMemberManagement::test_add_member_page_accessible PASSED [ 37%]
tests\test_campaigns.py::TestMemberManagement::test_leave_campaign PASSED [ 37%]
tests\test_campaigns.py::TestMemberManagement::test_remove_member_requires_dm PASSED [ 38%]
tests\test_campaigns.py::TestDMRoster::test_dm_roster_shows_all_members PASSED [ 39%]
tests\test_campaigns.py::TestCampaignFeatures::test_notebook_accessible PASSED [ 40%]
tests\test_campaigns.py::TestCampaignFeatures::test_rule_book_accessible PASSED [ 41%]
tests\test_campaigns.py::TestCampaignFeatures::test_edit_rule_book_requires_dm PASSED [ 42%]
tests\test_characters.py::TestCharacterCreation::test_create_character_page_accessible PASSED [ 43%]
tests\test_characters.py::TestCharacterCreation::test_create_character_success PASSED [ 44%]
tests\test_characters.py::TestCharacterCreation::test_create_character_requires_name PASSED [ 45%]
tests\test_characters.py::TestCharacterDetail::test_character_detail_accessible PASSED [ 46%]
tests\test_characters.py::TestCharacterDetail::test_character_detail_shows_correct_data PASSED [ 47%]
tests\test_characters.py::TestCharacterEditing::test_edit_character_page_accessible PASSED [ 48%]
tests\test_characters.py::TestCharacterEditing::test_edit_character_success PASSED [ 49%]
tests\test_characters.py::TestCharacterEditing::test_edit_character_requires_owner PASSED [ 50%]
tests\test_characters.py::TestCharacterDeletion::test_delete_character_requires_owner PASSED [ 50%]
tests\test_characters.py::TestCharacterDeletion::test_delete_character_success PASSED [ 51%]
tests\test_characters.py::TestInventoryManagement::test_add_inventory_page_accessible PASSED [ 52%]
tests\test_characters.py::TestInventoryManagement::test_add_inventory_success PASSED [ 53%]
tests\test_characters.py::TestInventoryManagement::test_add_inventory_requires_owner PASSED [ 54%]
tests\test_characters.py::TestCharacterPermissions::test_cannot_access_other_users_characters PASSED [ 55%]
tests\test_chat_and_dice.py::TestChatMessages::test_get_messages_api PASSED [ 56%]
tests\test_chat_and_dice.py::TestChatMessages::test_post_message_success FAILED [ 57%]
tests\test_chat_and_dice.py::TestChatMessages::test_post_message_requires_authentication FAILED [ 58%]
tests\test_chat_and_dice.py::TestChatMessages::test_post_message_requires_membership FAILED [ 59%]
tests\test_chat_and_dice.py::TestChatMessages::test_edit_own_message FAILED [ 60%]
tests\test_chat_and_dice.py::TestChatMessages::test_cannot_edit_others_messages PASSED [ 61%]
tests\test_chat_and_dice.py::TestChatMessages::test_delete_own_message FAILED [ 62%]
tests\test_chat_and_dice.py::TestChatMessages::test_cannot_delete_others_messages PASSED [ 62%]
tests\test_chat_and_dice.py::TestDiceRolling::test_post_dice_roll_success FAILED [ 63%]
tests\test_chat_and_dice.py::TestDiceRolling::test_post_dice_roll_requires_authentication FAILED [ 64%]
tests\test_chat_and_dice.py::TestDiceRolling::test_post_dice_roll_requires_membership FAILED [ 65%]
tests\test_chat_and_dice.py::TestDiceRolling::test_various_dice_expressions FAILED [ 66%]
tests\test_chat_and_dice.py::TestChatIntegration::test_chat_visible_on_campaign_page PASSED [ 67%]
tests\test_chat_and_dice.py::TestChatIntegration::test_multiple_messages_retained PASSED [ 68%]
tests\test_urls.py::TestURLResolution::test_setup_url_resolves PASSED    [ 69%]
tests\test_urls.py::TestURLResolution::test_campaign_detail_url_resolves PASSED [ 70%]
tests\test_urls.py::TestURLResolution::test_create_character_url_resolves PASSED [ 71%]
tests\test_urls.py::TestURLResolution::test_character_detail_url_resolves PASSED [ 72%]
tests\test_urls.py::TestURLResolution::test_character_edit_url_resolves PASSED [ 73%]
tests\test_urls.py::TestURLResolution::test_add_inventory_url_resolves PASSED [ 74%]
tests\test_urls.py::TestURLResolution::test_delete_character_url_resolves PASSED [ 75%]
tests\test_urls.py::TestURLResolution::test_dm_roster_url_resolves PASSED [ 75%]
tests\test_urls.py::TestURLResolution::test_chat_messages_url_resolves PASSED [ 76%]
tests\test_urls.py::TestURLResolution::test_post_chat_url_resolves PASSED [ 77%]
tests\test_urls.py::TestURLResolution::test_post_dice_url_resolves PASSED [ 78%]
tests\test_urls.py::TestURLResolution::test_members_url_resolves PASSED  [ 79%]
tests\test_urls.py::TestURLResolution::test_add_member_url_resolves PASSED [ 80%]
tests\test_urls.py::TestURLResolution::test_update_role_url_resolves PASSED [ 81%]
tests\test_urls.py::TestURLResolution::test_remove_member_url_resolves PASSED [ 82%]
tests\test_urls.py::TestURLResolution::test_leave_campaign_url_resolves PASSED [ 83%]
tests\test_urls.py::TestURLResolution::test_notebook_url_resolves PASSED [ 84%]
tests\test_urls.py::TestURLResolution::test_rule_book_url_resolves PASSED [ 85%]
tests\test_urls.py::TestURLResolution::test_edit_rule_book_url_resolves PASSED [ 86%]
tests\test_authentication.py::TestLoginLogout::test_logout_requires_authentication PASSED [ 87%]
tests\test_authentication.py::TestPermissionAccess::test_dashboard_requires_authentication PASSED [ 87%]
tests\test_basic_setup.py::TestInfrastructure::test_pytest_is_working PASSED [ 88%]
tests\test_basic_setup.py::TestInfrastructure::test_django_settings_loaded PASSED [ 89%]
tests\test_basic_setup.py::TestInfrastructure::test_models_are_importable PASSED [ 90%]
tests\test_urls.py::TestURLResolution::test_login_url_resolves PASSED    [ 91%]
tests\test_urls.py::TestURLResolution::test_logout_url_resolves PASSED   [ 92%]
tests\test_urls.py::TestURLResolution::test_dashboard_url_resolves PASSED [ 93%]
tests\test_urls.py::TestURLResolution::test_create_campaign_url_resolves PASSED [ 94%]
tests\test_urls.py::TestURLResolution::test_admin_user_list_url_resolves PASSED [ 95%]
tests\test_urls.py::TestURLResolution::test_create_user_url_resolves PASSED [ 96%]
tests\test_urls.py::TestURLResolution::test_admin_campaign_list_url_resolves PASSED [ 97%]
tests\test_urls.py::TestURLResolution::test_database_reset_url_resolves PASSED [ 98%]
tests\test_urls.py::TestURLViewMapping::test_dashboard_maps_to_view PASSED [ 99%]
tests\test_urls.py::TestURLViewMapping::test_login_maps_to_auth_view PASSED [100%]

================================== FAILURES ===================================
________ TestCampaignAdministration.test_admin_can_view_all_campaigns _________
..\..\..\..\AppData\Local\Packages\PythonSoftwareFoundation.Python.3.13_qbz5n2kfra8p0\LocalCache\local-packages\Python313\site-packages\django\template\base.py:880: in _resolve_lookup
    current = current[bit]
              ^^^^^^^^^^^^
E   TypeError: 'NoneType' object is not subscriptable

During handling of the above exception, another exception occurred:
..\..\..\..\AppData\Local\Packages\PythonSoftwareFoundation.Python.3.13_qbz5n2kfra8p0\LocalCache\local-packages\Python313\site-packages\django\template\base.py:890: in _resolve_lookup
    current = getattr(current, bit)
              ^^^^^^^^^^^^^^^^^^^^^
E   AttributeError: 'NoneType' object has no attribute 'username'

During handling of the above exception, another exception occurred:
..\..\..\..\AppData\Local\Packages\PythonSoftwareFoundation.Python.3.13_qbz5n2kfra8p0\LocalCache\local-packages\Python313\site-packages\django\template\base.py:896: in _resolve_lookup
    current = current[int(bit)]
                      ^^^^^^^^
E   ValueError: invalid literal for int() with base 10: 'username'

During handling of the above exception, another exception occurred:
tests\test_admin.py:109: in test_admin_can_view_all_campaigns
    response = admin_client.get(reverse('campaigns:admin_campaign_list'))
               ^^^^^^^^^^^^^^^^^^^^^^^^^^^^^^^^^^^^^^^^^^^^^^^^^^^^^^^^^^
..\..\..\..\AppData\Local\Packages\PythonSoftwareFoundation.Python.3.13_qbz5n2kfra8p0\LocalCache\local-packages\Python313\site-packages\django\test\client.py:930: in get
    response = super().get(path, data=data, secure=secure, headers=headers, **extra)
               ^^^^^^^^^^^^^^^^^^^^^^^^^^^^^^^^^^^^^^^^^^^^^^^^^^^^^^^^^^^^^^^^^^^^^
..\..\..\..\AppData\Local\Packages\PythonSoftwareFoundation.Python.3.13_qbz5n2kfra8p0\LocalCache\local-packages\Python313\site-packages\django\test\client.py:457: in get
    return self.generic(
..\..\..\..\AppData\Local\Packages\PythonSoftwareFoundation.Python.3.13_qbz5n2kfra8p0\LocalCache\local-packages\Python313\site-packages\django\test\client.py:609: in generic
    return self.request(**r)
           ^^^^^^^^^^^^^^^^^
..\..\..\..\AppData\Local\Packages\PythonSoftwareFoundation.Python.3.13_qbz5n2kfra8p0\LocalCache\local-packages\Python313\site-packages\django\test\client.py:894: in request
    self.check_exception(response)
..\..\..\..\AppData\Local\Packages\PythonSoftwareFoundation.Python.3.13_qbz5n2kfra8p0\LocalCache\local-packages\Python313\site-packages\django\test\client.py:741: in check_exception
    raise exc_value
..\..\..\..\AppData\Local\Packages\PythonSoftwareFoundation.Python.3.13_qbz5n2kfra8p0\LocalCache\local-packages\Python313\site-packages\django\core\handlers\exception.py:55: in inner
    response = get_response(request)
               ^^^^^^^^^^^^^^^^^^^^^
..\..\..\..\AppData\Local\Packages\PythonSoftwareFoundation.Python.3.13_qbz5n2kfra8p0\LocalCache\local-packages\Python313\site-packages\django\core\handlers\base.py:197: in _get_response
    response = wrapped_callback(request, *callback_args, **callback_kwargs)
               ^^^^^^^^^^^^^^^^^^^^^^^^^^^^^^^^^^^^^^^^^^^^^^^^^^^^^^^^^^^^
..\..\..\..\AppData\Local\Packages\PythonSoftwareFoundation.Python.3.13_qbz5n2kfra8p0\LocalCache\local-packages\Python313\site-packages\django\contrib\auth\decorators.py:23: in _wrapper_view
    return view_func(request, *args, **kwargs)
           ^^^^^^^^^^^^^^^^^^^^^^^^^^^^^^^^^^^
campaigns\views.py:307: in admin_campaign_list
    return render(request, 'registration/admin_campaign_list.html', context)
           ^^^^^^^^^^^^^^^^^^^^^^^^^^^^^^^^^^^^^^^^^^^^^^^^^^^^^^^^^^^^^^^^^
..\..\..\..\AppData\Local\Packages\PythonSoftwareFoundation.Python.3.13_qbz5n2kfra8p0\LocalCache\local-packages\Python313\site-packages\django\shortcuts.py:24: in render
    content = loader.render_to_string(template_name, context, request, using=using)
              ^^^^^^^^^^^^^^^^^^^^^^^^^^^^^^^^^^^^^^^^^^^^^^^^^^^^^^^^^^^^^^^^^^^^^
..\..\..\..\AppData\Local\Packages\PythonSoftwareFoundation.Python.3.13_qbz5n2kfra8p0\LocalCache\local-packages\Python313\site-packages\django\template\loader.py:62: in render_to_string
    return template.render(context, request)
           ^^^^^^^^^^^^^^^^^^^^^^^^^^^^^^^^^
..\..\..\..\AppData\Local\Packages\PythonSoftwareFoundation.Python.3.13_qbz5n2kfra8p0\LocalCache\local-packages\Python313\site-packages\django\template\backends\django.py:61: in render
    return self.template.render(context)
           ^^^^^^^^^^^^^^^^^^^^^^^^^^^^^
..\..\..\..\AppData\Local\Packages\PythonSoftwareFoundation.Python.3.13_qbz5n2kfra8p0\LocalCache\local-packages\Python313\site-packages\django\template\base.py:175: in render
    return self._render(context)
           ^^^^^^^^^^^^^^^^^^^^^
..\..\..\..\AppData\Local\Packages\PythonSoftwareFoundation.Python.3.13_qbz5n2kfra8p0\LocalCache\local-packages\Python313\site-packages\django\test\utils.py:112: in instrumented_test_render
    return self.nodelist.render(context)
           ^^^^^^^^^^^^^^^^^^^^^^^^^^^^^
..\..\..\..\AppData\Local\Packages\PythonSoftwareFoundation.Python.3.13_qbz5n2kfra8p0\LocalCache\local-packages\Python313\site-packages\django\template\base.py:1005: in render
    return SafeString("".join([node.render_annotated(context) for node in self]))
                               ^^^^^^^^^^^^^^^^^^^^^^^^^^^^^^
..\..\..\..\AppData\Local\Packages\PythonSoftwareFoundation.Python.3.13_qbz5n2kfra8p0\LocalCache\local-packages\Python313\site-packages\django\template\base.py:966: in render_annotated
    return self.render(context)
           ^^^^^^^^^^^^^^^^^^^^
..\..\..\..\AppData\Local\Packages\PythonSoftwareFoundation.Python.3.13_qbz5n2kfra8p0\LocalCache\local-packages\Python313\site-packages\django\template\loader_tags.py:157: in render
    return compiled_parent._render(context)
           ^^^^^^^^^^^^^^^^^^^^^^^^^^^^^^^^
..\..\..\..\AppData\Local\Packages\PythonSoftwareFoundation.Python.3.13_qbz5n2kfra8p0\LocalCache\local-packages\Python313\site-packages\django\test\utils.py:112: in instrumented_test_render
    return self.nodelist.render(context)
           ^^^^^^^^^^^^^^^^^^^^^^^^^^^^^
..\..\..\..\AppData\Local\Packages\PythonSoftwareFoundation.Python.3.13_qbz5n2kfra8p0\LocalCache\local-packages\Python313\site-packages\django\template\base.py:1005: in render
    return SafeString("".join([node.render_annotated(context) for node in self]))
                               ^^^^^^^^^^^^^^^^^^^^^^^^^^^^^^
..\..\..\..\AppData\Local\Packages\PythonSoftwareFoundation.Python.3.13_qbz5n2kfra8p0\LocalCache\local-packages\Python313\site-packages\django\template\base.py:966: in render_annotated
    return self.render(context)
           ^^^^^^^^^^^^^^^^^^^^
..\..\..\..\AppData\Local\Packages\PythonSoftwareFoundation.Python.3.13_qbz5n2kfra8p0\LocalCache\local-packages\Python313\site-packages\django\template\loader_tags.py:63: in render
    result = block.nodelist.render(context)
             ^^^^^^^^^^^^^^^^^^^^^^^^^^^^^^
..\..\..\..\AppData\Local\Packages\PythonSoftwareFoundation.Python.3.13_qbz5n2kfra8p0\LocalCache\local-packages\Python313\site-packages\django\template\base.py:1005: in render
    return SafeString("".join([node.render_annotated(context) for node in self]))
                               ^^^^^^^^^^^^^^^^^^^^^^^^^^^^^^
..\..\..\..\AppData\Local\Packages\PythonSoftwareFoundation.Python.3.13_qbz5n2kfra8p0\LocalCache\local-packages\Python313\site-packages\django\template\base.py:966: in render_annotated
    return self.render(context)
           ^^^^^^^^^^^^^^^^^^^^
..\..\..\..\AppData\Local\Packages\PythonSoftwareFoundation.Python.3.13_qbz5n2kfra8p0\LocalCache\local-packages\Python313\site-packages\django\template\defaulttags.py:321: in render
    return nodelist.render(context)
           ^^^^^^^^^^^^^^^^^^^^^^^^
..\..\..\..\AppData\Local\Packages\PythonSoftwareFoundation.Python.3.13_qbz5n2kfra8p0\LocalCache\local-packages\Python313\site-packages\django\template\base.py:1005: in render
    return SafeString("".join([node.render_annotated(context) for node in self]))
                               ^^^^^^^^^^^^^^^^^^^^^^^^^^^^^^
..\..\..\..\AppData\Local\Packages\PythonSoftwareFoundation.Python.3.13_qbz5n2kfra8p0\LocalCache\local-packages\Python313\site-packages\django\template\base.py:966: in render_annotated
    return self.render(context)
           ^^^^^^^^^^^^^^^^^^^^
..\..\..\..\AppData\Local\Packages\PythonSoftwareFoundation.Python.3.13_qbz5n2kfra8p0\LocalCache\local-packages\Python313\site-packages\django\template\defaulttags.py:238: in render
    nodelist.append(node.render_annotated(context))
                    ^^^^^^^^^^^^^^^^^^^^^^^^^^^^^^
..\..\..\..\AppData\Local\Packages\PythonSoftwareFoundation.Python.3.13_qbz5n2kfra8p0\LocalCache\local-packages\Python313\site-packages\django\template\base.py:966: in render_annotated
    return self.render(context)
           ^^^^^^^^^^^^^^^^^^^^
..\..\..\..\AppData\Local\Packages\PythonSoftwareFoundation.Python.3.13_qbz5n2kfra8p0\LocalCache\local-packages\Python313\site-packages\django\template\defaulttags.py:541: in render
    return self.nodelist.render(context)
           ^^^^^^^^^^^^^^^^^^^^^^^^^^^^^
..\..\..\..\AppData\Local\Packages\PythonSoftwareFoundation.Python.3.13_qbz5n2kfra8p0\LocalCache\local-packages\Python313\site-packages\django\template\base.py:1005: in render
    return SafeString("".join([node.render_annotated(context) for node in self]))
                               ^^^^^^^^^^^^^^^^^^^^^^^^^^^^^^
..\..\..\..\AppData\Local\Packages\PythonSoftwareFoundation.Python.3.13_qbz5n2kfra8p0\LocalCache\local-packages\Python313\site-packages\django\template\base.py:966: in render_annotated
    return self.render(context)
           ^^^^^^^^^^^^^^^^^^^^
..\..\..\..\AppData\Local\Packages\PythonSoftwareFoundation.Python.3.13_qbz5n2kfra8p0\LocalCache\local-packages\Python313\site-packages\django\template\base.py:1064: in render
    output = self.filter_expression.resolve(context)
             ^^^^^^^^^^^^^^^^^^^^^^^^^^^^^^^^^^^^^^^
..\..\..\..\AppData\Local\Packages\PythonSoftwareFoundation.Python.3.13_qbz5n2kfra8p0\LocalCache\local-packages\Python313\site-packages\django\template\base.py:736: in resolve
    arg_vals.append(arg.resolve(context))
                    ^^^^^^^^^^^^^^^^^^^^
..\..\..\..\AppData\Local\Packages\PythonSoftwareFoundation.Python.3.13_qbz5n2kfra8p0\LocalCache\local-packages\Python313\site-packages\django\template\base.py:847: in resolve
    value = self._resolve_lookup(context)
            ^^^^^^^^^^^^^^^^^^^^^^^^^^^^^
..\..\..\..\AppData\Local\Packages\PythonSoftwareFoundation.Python.3.13_qbz5n2kfra8p0\LocalCache\local-packages\Python313\site-packages\django\template\base.py:903: in _resolve_lookup
    raise VariableDoesNotExist(
E   django.template.base.VariableDoesNotExist: Failed lookup for key [username] in None
---------------------------- Captured stdout call -----------------------------
[00:20:08] [CONNECT] 127.0.0.1 | User: admin -> GET /admin/campaigns/
------------------------------ Captured log call ------------------------------
ERROR    django.request:log.py:246 Internal Server Error: /admin/campaigns/
Traceback (most recent call last):
  File "C:\Users\3768148\AppData\Local\Packages\PythonSoftwareFoundation.Python.3.13_qbz5n2kfra8p0\LocalCache\local-packages\Python313\site-packages\django\template\base.py", line 880, in _resolve_lookup
    current = current[bit]
              ~~~~~~~^^^^^
TypeError: 'NoneType' object is not subscriptable

During handling of the above exception, another exception occurred:

Traceback (most recent call last):
  File "C:\Users\3768148\AppData\Local\Packages\PythonSoftwareFoundation.Python.3.13_qbz5n2kfra8p0\LocalCache\local-packages\Python313\site-packages\django\template\base.py", line 890, in _resolve_lookup
    current = getattr(current, bit)
AttributeError: 'NoneType' object has no attribute 'username'

During handling of the above exception, another exception occurred:

Traceback (most recent call last):
  File "C:\Users\3768148\AppData\Local\Packages\PythonSoftwareFoundation.Python.3.13_qbz5n2kfra8p0\LocalCache\local-packages\Python313\site-packages\django\template\base.py", line 896, in _resolve_lookup
    current = current[int(bit)]
                      ~~~^^^^^
ValueError: invalid literal for int() with base 10: 'username'

During handling of the above exception, another exception occurred:

Traceback (most recent call last):
  File "C:\Users\3768148\AppData\Local\Packages\PythonSoftwareFoundation.Python.3.13_qbz5n2kfra8p0\LocalCache\local-packages\Python313\site-packages\django\core\handlers\exception.py", line 55, in inner
    response = get_response(request)
  File "C:\Users\3768148\AppData\Local\Packages\PythonSoftwareFoundation.Python.3.13_qbz5n2kfra8p0\LocalCache\local-packages\Python313\site-packages\django\core\handlers\base.py", line 197, in _get_response
    response = wrapped_callback(request, *callback_args, **callback_kwargs)
  File "C:\Users\3768148\AppData\Local\Packages\PythonSoftwareFoundation.Python.3.13_qbz5n2kfra8p0\LocalCache\local-packages\Python313\site-packages\django\contrib\auth\decorators.py", line 23, in _wrapper_view
    return view_func(request, *args, **kwargs)
  File "C:\Users\3768148\OneDrive - Jabil\Documents\scripts\dnd-app\campaigns\views.py", line 307, in admin_campaign_list
    return render(request, 'registration/admin_campaign_list.html', context)
  File "C:\Users\3768148\AppData\Local\Packages\PythonSoftwareFoundation.Python.3.13_qbz5n2kfra8p0\LocalCache\local-packages\Python313\site-packages\django\shortcuts.py", line 24, in render
    content = loader.render_to_string(template_name, context, request, using=using)
  File "C:\Users\3768148\AppData\Local\Packages\PythonSoftwareFoundation.Python.3.13_qbz5n2kfra8p0\LocalCache\local-packages\Python313\site-packages\django\template\loader.py", line 62, in render_to_string
    return template.render(context, request)
           ~~~~~~~~~~~~~~~^^^^^^^^^^^^^^^^^^
  File "C:\Users\3768148\AppData\Local\Packages\PythonSoftwareFoundation.Python.3.13_qbz5n2kfra8p0\LocalCache\local-packages\Python313\site-packages\django\template\backends\django.py", line 61, in render
    return self.template.render(context)
           ~~~~~~~~~~~~~~~~~~~~^^^^^^^^^
  File "C:\Users\3768148\AppData\Local\Packages\PythonSoftwareFoundation.Python.3.13_qbz5n2kfra8p0\LocalCache\local-packages\Python313\site-packages\django\template\base.py", line 175, in render
    return self._render(context)
           ~~~~~~~~~~~~^^^^^^^^^
  File "C:\Users\3768148\AppData\Local\Packages\PythonSoftwareFoundation.Python.3.13_qbz5n2kfra8p0\LocalCache\local-packages\Python313\site-packages\django\test\utils.py", line 112, in instrumented_test_render
    return self.nodelist.render(context)
           ~~~~~~~~~~~~~~~~~~~~^^^^^^^^^
  File "C:\Users\3768148\AppData\Local\Packages\PythonSoftwareFoundation.Python.3.13_qbz5n2kfra8p0\LocalCache\local-packages\Python313\site-packages\django\template\base.py", line 1005, in render
    return SafeString("".join([node.render_annotated(context) for node in self]))
                               ~~~~~~~~~~~~~~~~~~~~~^^^^^^^^^
  File "C:\Users\3768148\AppData\Local\Packages\PythonSoftwareFoundation.Python.3.13_qbz5n2kfra8p0\LocalCache\local-packages\Python313\site-packages\django\template\base.py", line 966, in render_annotated
    return self.render(context)
           ~~~~~~~~~~~^^^^^^^^^
  File "C:\Users\3768148\AppData\Local\Packages\PythonSoftwareFoundation.Python.3.13_qbz5n2kfra8p0\LocalCache\local-packages\Python313\site-packages\django\template\loader_tags.py", line 157, in render
    return compiled_parent._render(context)
           ~~~~~~~~~~~~~~~~~~~~~~~^^^^^^^^^
  File "C:\Users\3768148\AppData\Local\Packages\PythonSoftwareFoundation.Python.3.13_qbz5n2kfra8p0\LocalCache\local-packages\Python313\site-packages\django\test\utils.py", line 112, in instrumented_test_render
    return self.nodelist.render(context)
           ~~~~~~~~~~~~~~~~~~~~^^^^^^^^^
  File "C:\Users\3768148\AppData\Local\Packages\PythonSoftwareFoundation.Python.3.13_qbz5n2kfra8p0\LocalCache\local-packages\Python313\site-packages\django\template\base.py", line 1005, in render
    return SafeString("".join([node.render_annotated(context) for node in self]))
                               ~~~~~~~~~~~~~~~~~~~~~^^^^^^^^^
  File "C:\Users\3768148\AppData\Local\Packages\PythonSoftwareFoundation.Python.3.13_qbz5n2kfra8p0\LocalCache\local-packages\Python313\site-packages\django\template\base.py", line 966, in render_annotated
    return self.render(context)
           ~~~~~~~~~~~^^^^^^^^^
  File "C:\Users\3768148\AppData\Local\Packages\PythonSoftwareFoundation.Python.3.13_qbz5n2kfra8p0\LocalCache\local-packages\Python313\site-packages\django\template\loader_tags.py", line 63, in render
    result = block.nodelist.render(context)
  File "C:\Users\3768148\AppData\Local\Packages\PythonSoftwareFoundation.Python.3.13_qbz5n2kfra8p0\LocalCache\local-packages\Python313\site-packages\django\template\base.py", line 1005, in render
    return SafeString("".join([node.render_annotated(context) for node in self]))
                               ~~~~~~~~~~~~~~~~~~~~~^^^^^^^^^
  File "C:\Users\3768148\AppData\Local\Packages\PythonSoftwareFoundation.Python.3.13_qbz5n2kfra8p0\LocalCache\local-packages\Python313\site-packages\django\template\base.py", line 966, in render_annotated
    return self.render(context)
           ~~~~~~~~~~~^^^^^^^^^
  File "C:\Users\3768148\AppData\Local\Packages\PythonSoftwareFoundation.Python.3.13_qbz5n2kfra8p0\LocalCache\local-packages\Python313\site-packages\django\template\defaulttags.py", line 321, in render
    return nodelist.render(context)
           ~~~~~~~~~~~~~~~^^^^^^^^^
  File "C:\Users\3768148\AppData\Local\Packages\PythonSoftwareFoundation.Python.3.13_qbz5n2kfra8p0\LocalCache\local-packages\Python313\site-packages\django\template\base.py", line 1005, in render
    return SafeString("".join([node.render_annotated(context) for node in self]))
                               ~~~~~~~~~~~~~~~~~~~~~^^^^^^^^^
  File "C:\Users\3768148\AppData\Local\Packages\PythonSoftwareFoundation.Python.3.13_qbz5n2kfra8p0\LocalCache\local-packages\Python313\site-packages\django\template\base.py", line 966, in render_annotated
    return self.render(context)
           ~~~~~~~~~~~^^^^^^^^^
  File "C:\Users\3768148\AppData\Local\Packages\PythonSoftwareFoundation.Python.3.13_qbz5n2kfra8p0\LocalCache\local-packages\Python313\site-packages\django\template\defaulttags.py", line 238, in render
    nodelist.append(node.render_annotated(context))
                    ~~~~~~~~~~~~~~~~~~~~~^^^^^^^^^
  File "C:\Users\3768148\AppData\Local\Packages\PythonSoftwareFoundation.Python.3.13_qbz5n2kfra8p0\LocalCache\local-packages\Python313\site-packages\django\template\base.py", line 966, in render_annotated
    return self.render(context)
           ~~~~~~~~~~~^^^^^^^^^
  File "C:\Users\3768148\AppData\Local\Packages\PythonSoftwareFoundation.Python.3.13_qbz5n2kfra8p0\LocalCache\local-packages\Python313\site-packages\django\template\defaulttags.py", line 541, in render
    return self.nodelist.render(context)
           ~~~~~~~~~~~~~~~~~~~~^^^^^^^^^
  File "C:\Users\3768148\AppData\Local\Packages\PythonSoftwareFoundation.Python.3.13_qbz5n2kfra8p0\LocalCache\local-packages\Python313\site-packages\django\template\base.py", line 1005, in render
    return SafeString("".join([node.render_annotated(context) for node in self]))
                               ~~~~~~~~~~~~~~~~~~~~~^^^^^^^^^
  File "C:\Users\3768148\AppData\Local\Packages\PythonSoftwareFoundation.Python.3.13_qbz5n2kfra8p0\LocalCache\local-packages\Python313\site-packages\django\template\base.py", line 966, in render_annotated
    return self.render(context)
           ~~~~~~~~~~~^^^^^^^^^
  File "C:\Users\3768148\AppData\Local\Packages\PythonSoftwareFoundation.Python.3.13_qbz5n2kfra8p0\LocalCache\local-packages\Python313\site-packages\django\template\base.py", line 1064, in render
    output = self.filter_expression.resolve(context)
  File "C:\Users\3768148\AppData\Local\Packages\PythonSoftwareFoundation.Python.3.13_qbz5n2kfra8p0\LocalCache\local-packages\Python313\site-packages\django\template\base.py", line 736, in resolve
    arg_vals.append(arg.resolve(context))
                    ~~~~~~~~~~~^^^^^^^^^
  File "C:\Users\3768148\AppData\Local\Packages\PythonSoftwareFoundation.Python.3.13_qbz5n2kfra8p0\LocalCache\local-packages\Python313\site-packages\django\template\base.py", line 847, in resolve
    value = self._resolve_lookup(context)
  File "C:\Users\3768148\AppData\Local\Packages\PythonSoftwareFoundation.Python.3.13_qbz5n2kfra8p0\LocalCache\local-packages\Python313\site-packages\django\template\base.py", line 903, in _resolve_lookup
    raise VariableDoesNotExist(
    ^^^^^^^^^^^^^^^^^^^^^^^^^^^
    ...<2 lines>...
    )  # missing attribute
    ^
django.template.base.VariableDoesNotExist: Failed lookup for key [username] in None
_______________ TestSecretWhispers.test_admin_can_view_secrets ________________
tests\test_admin.py:139: in test_admin_can_view_secrets
    response = admin_client.get(reverse('campaigns:admin_view_secrets',
..\..\..\..\AppData\Local\Packages\PythonSoftwareFoundation.Python.3.13_qbz5n2kfra8p0\LocalCache\local-packages\Python313\site-packages\django\test\client.py:930: in get
    response = super().get(path, data=data, secure=secure, headers=headers, **extra)
               ^^^^^^^^^^^^^^^^^^^^^^^^^^^^^^^^^^^^^^^^^^^^^^^^^^^^^^^^^^^^^^^^^^^^^
..\..\..\..\AppData\Local\Packages\PythonSoftwareFoundation.Python.3.13_qbz5n2kfra8p0\LocalCache\local-packages\Python313\site-packages\django\test\client.py:457: in get
    return self.generic(
..\..\..\..\AppData\Local\Packages\PythonSoftwareFoundation.Python.3.13_qbz5n2kfra8p0\LocalCache\local-packages\Python313\site-packages\django\test\client.py:609: in generic
    return self.request(**r)
           ^^^^^^^^^^^^^^^^^
..\..\..\..\AppData\Local\Packages\PythonSoftwareFoundation.Python.3.13_qbz5n2kfra8p0\LocalCache\local-packages\Python313\site-packages\django\test\client.py:894: in request
    self.check_exception(response)
..\..\..\..\AppData\Local\Packages\PythonSoftwareFoundation.Python.3.13_qbz5n2kfra8p0\LocalCache\local-packages\Python313\site-packages\django\test\client.py:741: in check_exception
    raise exc_value
..\..\..\..\AppData\Local\Packages\PythonSoftwareFoundation.Python.3.13_qbz5n2kfra8p0\LocalCache\local-packages\Python313\site-packages\django\core\handlers\exception.py:55: in inner
    response = get_response(request)
               ^^^^^^^^^^^^^^^^^^^^^
..\..\..\..\AppData\Local\Packages\PythonSoftwareFoundation.Python.3.13_qbz5n2kfra8p0\LocalCache\local-packages\Python313\site-packages\django\core\handlers\base.py:197: in _get_response
    response = wrapped_callback(request, *callback_args, **callback_kwargs)
               ^^^^^^^^^^^^^^^^^^^^^^^^^^^^^^^^^^^^^^^^^^^^^^^^^^^^^^^^^^^^
..\..\..\..\AppData\Local\Packages\PythonSoftwareFoundation.Python.3.13_qbz5n2kfra8p0\LocalCache\local-packages\Python313\site-packages\django\contrib\auth\decorators.py:23: in _wrapper_view
    return view_func(request, *args, **kwargs)
           ^^^^^^^^^^^^^^^^^^^^^^^^^^^^^^^^^^^
campaigns\views.py:1216: in admin_view_secret_whispers
    return render(request, 'campaigns/admin_view_secrets.html', context)
           ^^^^^^^^^^^^^^^^^^^^^^^^^^^^^^^^^^^^^^^^^^^^^^^^^^^^^^^^^^^^^
..\..\..\..\AppData\Local\Packages\PythonSoftwareFoundation.Python.3.13_qbz5n2kfra8p0\LocalCache\local-packages\Python313\site-packages\django\shortcuts.py:24: in render
    content = loader.render_to_string(template_name, context, request, using=using)
              ^^^^^^^^^^^^^^^^^^^^^^^^^^^^^^^^^^^^^^^^^^^^^^^^^^^^^^^^^^^^^^^^^^^^^
..\..\..\..\AppData\Local\Packages\PythonSoftwareFoundation.Python.3.13_qbz5n2kfra8p0\LocalCache\local-packages\Python313\site-packages\django\template\loader.py:62: in render_to_string
    return template.render(context, request)
           ^^^^^^^^^^^^^^^^^^^^^^^^^^^^^^^^^
..\..\..\..\AppData\Local\Packages\PythonSoftwareFoundation.Python.3.13_qbz5n2kfra8p0\LocalCache\local-packages\Python313\site-packages\django\template\backends\django.py:61: in render
    return self.template.render(context)
           ^^^^^^^^^^^^^^^^^^^^^^^^^^^^^
..\..\..\..\AppData\Local\Packages\PythonSoftwareFoundation.Python.3.13_qbz5n2kfra8p0\LocalCache\local-packages\Python313\site-packages\django\template\base.py:175: in render
    return self._render(context)
           ^^^^^^^^^^^^^^^^^^^^^
..\..\..\..\AppData\Local\Packages\PythonSoftwareFoundation.Python.3.13_qbz5n2kfra8p0\LocalCache\local-packages\Python313\site-packages\django\test\utils.py:112: in instrumented_test_render
    return self.nodelist.render(context)
           ^^^^^^^^^^^^^^^^^^^^^^^^^^^^^
..\..\..\..\AppData\Local\Packages\PythonSoftwareFoundation.Python.3.13_qbz5n2kfra8p0\LocalCache\local-packages\Python313\site-packages\django\template\base.py:1005: in render
    return SafeString("".join([node.render_annotated(context) for node in self]))
                               ^^^^^^^^^^^^^^^^^^^^^^^^^^^^^^
..\..\..\..\AppData\Local\Packages\PythonSoftwareFoundation.Python.3.13_qbz5n2kfra8p0\LocalCache\local-packages\Python313\site-packages\django\template\base.py:966: in render_annotated
    return self.render(context)
           ^^^^^^^^^^^^^^^^^^^^
..\..\..\..\AppData\Local\Packages\PythonSoftwareFoundation.Python.3.13_qbz5n2kfra8p0\LocalCache\local-packages\Python313\site-packages\django\template\loader_tags.py:157: in render
    return compiled_parent._render(context)
           ^^^^^^^^^^^^^^^^^^^^^^^^^^^^^^^^
..\..\..\..\AppData\Local\Packages\PythonSoftwareFoundation.Python.3.13_qbz5n2kfra8p0\LocalCache\local-packages\Python313\site-packages\django\test\utils.py:112: in instrumented_test_render
    return self.nodelist.render(context)
           ^^^^^^^^^^^^^^^^^^^^^^^^^^^^^
..\..\..\..\AppData\Local\Packages\PythonSoftwareFoundation.Python.3.13_qbz5n2kfra8p0\LocalCache\local-packages\Python313\site-packages\django\template\base.py:1005: in render
    return SafeString("".join([node.render_annotated(context) for node in self]))
                               ^^^^^^^^^^^^^^^^^^^^^^^^^^^^^^
..\..\..\..\AppData\Local\Packages\PythonSoftwareFoundation.Python.3.13_qbz5n2kfra8p0\LocalCache\local-packages\Python313\site-packages\django\template\base.py:966: in render_annotated
    return self.render(context)
           ^^^^^^^^^^^^^^^^^^^^
..\..\..\..\AppData\Local\Packages\PythonSoftwareFoundation.Python.3.13_qbz5n2kfra8p0\LocalCache\local-packages\Python313\site-packages\django\template\loader_tags.py:63: in render
    result = block.nodelist.render(context)
             ^^^^^^^^^^^^^^^^^^^^^^^^^^^^^^
..\..\..\..\AppData\Local\Packages\PythonSoftwareFoundation.Python.3.13_qbz5n2kfra8p0\LocalCache\local-packages\Python313\site-packages\django\template\base.py:1005: in render
    return SafeString("".join([node.render_annotated(context) for node in self]))
                               ^^^^^^^^^^^^^^^^^^^^^^^^^^^^^^
..\..\..\..\AppData\Local\Packages\PythonSoftwareFoundation.Python.3.13_qbz5n2kfra8p0\LocalCache\local-packages\Python313\site-packages\django\template\base.py:966: in render_annotated
    return self.render(context)
           ^^^^^^^^^^^^^^^^^^^^
..\..\..\..\AppData\Local\Packages\PythonSoftwareFoundation.Python.3.13_qbz5n2kfra8p0\LocalCache\local-packages\Python313\site-packages\django\template\defaulttags.py:320: in render
    if match:
       ^^^^^
..\..\..\..\AppData\Local\Packages\PythonSoftwareFoundation.Python.3.13_qbz5n2kfra8p0\LocalCache\local-packages\Python313\site-packages\django\db\models\query.py:414: in __bool__
    self._fetch_all()
..\..\..\..\AppData\Local\Packages\PythonSoftwareFoundation.Python.3.13_qbz5n2kfra8p0\LocalCache\local-packages\Python313\site-packages\django\db\models\query.py:1886: in _fetch_all
    self._result_cache = list(self._iterable_class(self))
                         ^^^^^^^^^^^^^^^^^^^^^^^^^^^^^^^^
..\..\..\..\AppData\Local\Packages\PythonSoftwareFoundation.Python.3.13_qbz5n2kfra8p0\LocalCache\local-packages\Python313\site-packages\django\db\models\query.py:93: in __iter__
    results = compiler.execute_sql(
..\..\..\..\AppData\Local\Packages\PythonSoftwareFoundation.Python.3.13_qbz5n2kfra8p0\LocalCache\local-packages\Python313\site-packages\django\db\models\sql\compiler.py:1549: in execute_sql
    sql, params = self.as_sql()
                  ^^^^^^^^^^^^^
..\..\..\..\AppData\Local\Packages\PythonSoftwareFoundation.Python.3.13_qbz5n2kfra8p0\LocalCache\local-packages\Python313\site-packages\django\db\models\sql\compiler.py:736: in as_sql
    extra_select, order_by, group_by = self.pre_sql_setup(
..\..\..\..\AppData\Local\Packages\PythonSoftwareFoundation.Python.3.13_qbz5n2kfra8p0\LocalCache\local-packages\Python313\site-packages\django\db\models\sql\compiler.py:84: in pre_sql_setup
    self.setup_query(with_col_aliases=with_col_aliases)
..\..\..\..\AppData\Local\Packages\PythonSoftwareFoundation.Python.3.13_qbz5n2kfra8p0\LocalCache\local-packages\Python313\site-packages\django\db\models\sql\compiler.py:73: in setup_query
    self.select, self.klass_info, self.annotation_col_map = self.get_select(
..\..\..\..\AppData\Local\Packages\PythonSoftwareFoundation.Python.3.13_qbz5n2kfra8p0\LocalCache\local-packages\Python313\site-packages\django\db\models\sql\compiler.py:279: in get_select
    related_klass_infos = self.get_related_selections(select, select_mask)
                          ^^^^^^^^^^^^^^^^^^^^^^^^^^^^^^^^^^^^^^^^^^^^^^^^
..\..\..\..\AppData\Local\Packages\PythonSoftwareFoundation.Python.3.13_qbz5n2kfra8p0\LocalCache\local-packages\Python313\site-packages\django\db\models\sql\compiler.py:1367: in get_related_selections
    raise FieldError(
E   django.core.exceptions.FieldError: Invalid field name(s) given in select_related: 'recipient'. Choices are: sender, campaign, party_group
---------------------------- Captured stdout call -----------------------------
[00:20:11] [CONNECT] 127.0.0.1 | User: admin -> GET /admin/campaign/1/secrets/
------------------------------ Captured log call ------------------------------
ERROR    django.request:log.py:246 Internal Server Error: /admin/campaign/1/secrets/
Traceback (most recent call last):
  File "C:\Users\3768148\AppData\Local\Packages\PythonSoftwareFoundation.Python.3.13_qbz5n2kfra8p0\LocalCache\local-packages\Python313\site-packages\django\core\handlers\exception.py", line 55, in inner
    response = get_response(request)
  File "C:\Users\3768148\AppData\Local\Packages\PythonSoftwareFoundation.Python.3.13_qbz5n2kfra8p0\LocalCache\local-packages\Python313\site-packages\django\core\handlers\base.py", line 197, in _get_response
    response = wrapped_callback(request, *callback_args, **callback_kwargs)
  File "C:\Users\3768148\AppData\Local\Packages\PythonSoftwareFoundation.Python.3.13_qbz5n2kfra8p0\LocalCache\local-packages\Python313\site-packages\django\contrib\auth\decorators.py", line 23, in _wrapper_view
    return view_func(request, *args, **kwargs)
  File "C:\Users\3768148\OneDrive - Jabil\Documents\scripts\dnd-app\campaigns\views.py", line 1216, in admin_view_secret_whispers
    return render(request, 'campaigns/admin_view_secrets.html', context)
  File "C:\Users\3768148\AppData\Local\Packages\PythonSoftwareFoundation.Python.3.13_qbz5n2kfra8p0\LocalCache\local-packages\Python313\site-packages\django\shortcuts.py", line 24, in render
    content = loader.render_to_string(template_name, context, request, using=using)
  File "C:\Users\3768148\AppData\Local\Packages\PythonSoftwareFoundation.Python.3.13_qbz5n2kfra8p0\LocalCache\local-packages\Python313\site-packages\django\template\loader.py", line 62, in render_to_string
    return template.render(context, request)
           ~~~~~~~~~~~~~~~^^^^^^^^^^^^^^^^^^
  File "C:\Users\3768148\AppData\Local\Packages\PythonSoftwareFoundation.Python.3.13_qbz5n2kfra8p0\LocalCache\local-packages\Python313\site-packages\django\template\backends\django.py", line 61, in render
    return self.template.render(context)
           ~~~~~~~~~~~~~~~~~~~~^^^^^^^^^
  File "C:\Users\3768148\AppData\Local\Packages\PythonSoftwareFoundation.Python.3.13_qbz5n2kfra8p0\LocalCache\local-packages\Python313\site-packages\django\template\base.py", line 175, in render
    return self._render(context)
           ~~~~~~~~~~~~^^^^^^^^^
  File "C:\Users\3768148\AppData\Local\Packages\PythonSoftwareFoundation.Python.3.13_qbz5n2kfra8p0\LocalCache\local-packages\Python313\site-packages\django\test\utils.py", line 112, in instrumented_test_render
    return self.nodelist.render(context)
           ~~~~~~~~~~~~~~~~~~~~^^^^^^^^^
  File "C:\Users\3768148\AppData\Local\Packages\PythonSoftwareFoundation.Python.3.13_qbz5n2kfra8p0\LocalCache\local-packages\Python313\site-packages\django\template\base.py", line 1005, in render
    return SafeString("".join([node.render_annotated(context) for node in self]))
                               ~~~~~~~~~~~~~~~~~~~~~^^^^^^^^^
  File "C:\Users\3768148\AppData\Local\Packages\PythonSoftwareFoundation.Python.3.13_qbz5n2kfra8p0\LocalCache\local-packages\Python313\site-packages\django\template\base.py", line 966, in render_annotated
    return self.render(context)
           ~~~~~~~~~~~^^^^^^^^^
  File "C:\Users\3768148\AppData\Local\Packages\PythonSoftwareFoundation.Python.3.13_qbz5n2kfra8p0\LocalCache\local-packages\Python313\site-packages\django\template\loader_tags.py", line 157, in render
    return compiled_parent._render(context)
           ~~~~~~~~~~~~~~~~~~~~~~~^^^^^^^^^
  File "C:\Users\3768148\AppData\Local\Packages\PythonSoftwareFoundation.Python.3.13_qbz5n2kfra8p0\LocalCache\local-packages\Python313\site-packages\django\test\utils.py", line 112, in instrumented_test_render
    return self.nodelist.render(context)
           ~~~~~~~~~~~~~~~~~~~~^^^^^^^^^
  File "C:\Users\3768148\AppData\Local\Packages\PythonSoftwareFoundation.Python.3.13_qbz5n2kfra8p0\LocalCache\local-packages\Python313\site-packages\django\template\base.py", line 1005, in render
    return SafeString("".join([node.render_annotated(context) for node in self]))
                               ~~~~~~~~~~~~~~~~~~~~~^^^^^^^^^
  File "C:\Users\3768148\AppData\Local\Packages\PythonSoftwareFoundation.Python.3.13_qbz5n2kfra8p0\LocalCache\local-packages\Python313\site-packages\django\template\base.py", line 966, in render_annotated
    return self.render(context)
           ~~~~~~~~~~~^^^^^^^^^
  File "C:\Users\3768148\AppData\Local\Packages\PythonSoftwareFoundation.Python.3.13_qbz5n2kfra8p0\LocalCache\local-packages\Python313\site-packages\django\template\loader_tags.py", line 63, in render
    result = block.nodelist.render(context)
  File "C:\Users\3768148\AppData\Local\Packages\PythonSoftwareFoundation.Python.3.13_qbz5n2kfra8p0\LocalCache\local-packages\Python313\site-packages\django\template\base.py", line 1005, in render
    return SafeString("".join([node.render_annotated(context) for node in self]))
                               ~~~~~~~~~~~~~~~~~~~~~^^^^^^^^^
  File "C:\Users\3768148\AppData\Local\Packages\PythonSoftwareFoundation.Python.3.13_qbz5n2kfra8p0\LocalCache\local-packages\Python313\site-packages\django\template\base.py", line 966, in render_annotated
    return self.render(context)
           ~~~~~~~~~~~^^^^^^^^^
  File "C:\Users\3768148\AppData\Local\Packages\PythonSoftwareFoundation.Python.3.13_qbz5n2kfra8p0\LocalCache\local-packages\Python313\site-packages\django\template\defaulttags.py", line 320, in render
    if match:
       ^^^^^
  File "C:\Users\3768148\AppData\Local\Packages\PythonSoftwareFoundation.Python.3.13_qbz5n2kfra8p0\LocalCache\local-packages\Python313\site-packages\django\db\models\query.py", line 414, in __bool__
    self._fetch_all()
    ~~~~~~~~~~~~~~~^^
  File "C:\Users\3768148\AppData\Local\Packages\PythonSoftwareFoundation.Python.3.13_qbz5n2kfra8p0\LocalCache\local-packages\Python313\site-packages\django\db\models\query.py", line 1886, in _fetch_all
    self._result_cache = list(self._iterable_class(self))
                         ~~~~^^^^^^^^^^^^^^^^^^^^^^^^^^^^
  File "C:\Users\3768148\AppData\Local\Packages\PythonSoftwareFoundation.Python.3.13_qbz5n2kfra8p0\LocalCache\local-packages\Python313\site-packages\django\db\models\query.py", line 93, in __iter__
    results = compiler.execute_sql(
        chunked_fetch=self.chunked_fetch, chunk_size=self.chunk_size
    )
  File "C:\Users\3768148\AppData\Local\Packages\PythonSoftwareFoundation.Python.3.13_qbz5n2kfra8p0\LocalCache\local-packages\Python313\site-packages\django\db\models\sql\compiler.py", line 1549, in execute_sql
    sql, params = self.as_sql()
                  ~~~~~~~~~~~^^
  File "C:\Users\3768148\AppData\Local\Packages\PythonSoftwareFoundation.Python.3.13_qbz5n2kfra8p0\LocalCache\local-packages\Python313\site-packages\django\db\models\sql\compiler.py", line 736, in as_sql
    extra_select, order_by, group_by = self.pre_sql_setup(
                                       ~~~~~~~~~~~~~~~~~~^
        with_col_aliases=with_col_aliases or bool(combinator),
        ^^^^^^^^^^^^^^^^^^^^^^^^^^^^^^^^^^^^^^^^^^^^^^^^^^^^^^
    )
    ^
  File "C:\Users\3768148\AppData\Local\Packages\PythonSoftwareFoundation.Python.3.13_qbz5n2kfra8p0\LocalCache\local-packages\Python313\site-packages\django\db\models\sql\compiler.py", line 84, in pre_sql_setup
    self.setup_query(with_col_aliases=with_col_aliases)
    ~~~~~~~~~~~~~~~~^^^^^^^^^^^^^^^^^^^^^^^^^^^^^^^^^^^
  File "C:\Users\3768148\AppData\Local\Packages\PythonSoftwareFoundation.Python.3.13_qbz5n2kfra8p0\LocalCache\local-packages\Python313\site-packages\django\db\models\sql\compiler.py", line 73, in setup_query
    self.select, self.klass_info, self.annotation_col_map = self.get_select(
                                                            ~~~~~~~~~~~~~~~^
        with_col_aliases=with_col_aliases,
        ^^^^^^^^^^^^^^^^^^^^^^^^^^^^^^^^^^
    )
    ^
  File "C:\Users\3768148\AppData\Local\Packages\PythonSoftwareFoundation.Python.3.13_qbz5n2kfra8p0\LocalCache\local-packages\Python313\site-packages\django\db\models\sql\compiler.py", line 279, in get_select
    related_klass_infos = self.get_related_selections(select, select_mask)
  File "C:\Users\3768148\AppData\Local\Packages\PythonSoftwareFoundation.Python.3.13_qbz5n2kfra8p0\LocalCache\local-packages\Python313\site-packages\django\db\models\sql\compiler.py", line 1367, in get_related_selections
    raise FieldError(
    ...<6 lines>...
    )
django.core.exceptions.FieldError: Invalid field name(s) given in select_related: 'recipient'. Choices are: sender, campaign, party_group
_________________ TestChatMessages.test_post_message_success __________________
tests\test_chat_and_dice.py:39: in test_post_message_success
    assert response.status_code in [200, 201]
E   assert 400 in [200, 201]
E    +  where 400 = <JsonResponse status_code=400, "application/json">.status_code
---------------------------- Captured stdout call -----------------------------
[00:20:41] [CONNECT] 127.0.0.1 | User: player1 -> POST /campaign/1/chat/post/
------------------------------ Captured log call ------------------------------
WARNING  django.request:log.py:246 Bad Request: /campaign/1/chat/post/
_________ TestChatMessages.test_post_message_requires_authentication __________
tests\test_chat_and_dice.py:45: in test_post_message_requires_authentication
    response = client.post(reverse('campaigns:post_chat_message',
..\..\..\..\AppData\Local\Packages\PythonSoftwareFoundation.Python.3.13_qbz5n2kfra8p0\LocalCache\local-packages\Python313\site-packages\django\test\client.py:951: in post
    response = super().post(
..\..\..\..\AppData\Local\Packages\PythonSoftwareFoundation.Python.3.13_qbz5n2kfra8p0\LocalCache\local-packages\Python313\site-packages\django\test\client.py:482: in post
    return self.generic(
..\..\..\..\AppData\Local\Packages\PythonSoftwareFoundation.Python.3.13_qbz5n2kfra8p0\LocalCache\local-packages\Python313\site-packages\django\test\client.py:609: in generic
    return self.request(**r)
           ^^^^^^^^^^^^^^^^^
..\..\..\..\AppData\Local\Packages\PythonSoftwareFoundation.Python.3.13_qbz5n2kfra8p0\LocalCache\local-packages\Python313\site-packages\django\test\client.py:894: in request
    self.check_exception(response)
..\..\..\..\AppData\Local\Packages\PythonSoftwareFoundation.Python.3.13_qbz5n2kfra8p0\LocalCache\local-packages\Python313\site-packages\django\test\client.py:741: in check_exception
    raise exc_value
..\..\..\..\AppData\Local\Packages\PythonSoftwareFoundation.Python.3.13_qbz5n2kfra8p0\LocalCache\local-packages\Python313\site-packages\django\core\handlers\exception.py:55: in inner
    response = get_response(request)
               ^^^^^^^^^^^^^^^^^^^^^
..\..\..\..\AppData\Local\Packages\PythonSoftwareFoundation.Python.3.13_qbz5n2kfra8p0\LocalCache\local-packages\Python313\site-packages\django\core\handlers\base.py:197: in _get_response
    response = wrapped_callback(request, *callback_args, **callback_kwargs)
               ^^^^^^^^^^^^^^^^^^^^^^^^^^^^^^^^^^^^^^^^^^^^^^^^^^^^^^^^^^^^
..\..\..\..\AppData\Local\Packages\PythonSoftwareFoundation.Python.3.13_qbz5n2kfra8p0\LocalCache\local-packages\Python313\site-packages\django\contrib\auth\decorators.py:25: in _wrapper_view
    resolved_login_url = resolve_url(login_url or settings.LOGIN_URL)
                         ^^^^^^^^^^^^^^^^^^^^^^^^^^^^^^^^^^^^^^^^^^^^
..\..\..\..\AppData\Local\Packages\PythonSoftwareFoundation.Python.3.13_qbz5n2kfra8p0\LocalCache\local-packages\Python313\site-packages\django\shortcuts.py:145: in resolve_url
    return reverse(to, args=args, kwargs=kwargs)
           ^^^^^^^^^^^^^^^^^^^^^^^^^^^^^^^^^^^^^
..\..\..\..\AppData\Local\Packages\PythonSoftwareFoundation.Python.3.13_qbz5n2kfra8p0\LocalCache\local-packages\Python313\site-packages\django\urls\base.py:88: in reverse
    return resolver._reverse_with_prefix(view, prefix, *args, **kwargs)
           ^^^^^^^^^^^^^^^^^^^^^^^^^^^^^^^^^^^^^^^^^^^^^^^^^^^^^^^^^^^^
..\..\..\..\AppData\Local\Packages\PythonSoftwareFoundation.Python.3.13_qbz5n2kfra8p0\LocalCache\local-packages\Python313\site-packages\django\urls\resolvers.py:828: in _reverse_with_prefix
    raise NoReverseMatch(msg)
E   django.urls.exceptions.NoReverseMatch: Reverse for 'login' not found. 'login' is not a valid view function or pattern name.
---------------------------- Captured stdout call -----------------------------
[00:20:42] [CONNECT] 127.0.0.1 -> POST /campaign/1/chat/post/
------------------------------ Captured log call ------------------------------
ERROR    django.request:log.py:246 Internal Server Error: /campaign/1/chat/post/
Traceback (most recent call last):
  File "C:\Users\3768148\AppData\Local\Packages\PythonSoftwareFoundation.Python.3.13_qbz5n2kfra8p0\LocalCache\local-packages\Python313\site-packages\django\core\handlers\exception.py", line 55, in inner
    response = get_response(request)
  File "C:\Users\3768148\AppData\Local\Packages\PythonSoftwareFoundation.Python.3.13_qbz5n2kfra8p0\LocalCache\local-packages\Python313\site-packages\django\core\handlers\base.py", line 197, in _get_response
    response = wrapped_callback(request, *callback_args, **callback_kwargs)
  File "C:\Users\3768148\AppData\Local\Packages\PythonSoftwareFoundation.Python.3.13_qbz5n2kfra8p0\LocalCache\local-packages\Python313\site-packages\django\contrib\auth\decorators.py", line 25, in _wrapper_view
    resolved_login_url = resolve_url(login_url or settings.LOGIN_URL)
  File "C:\Users\3768148\AppData\Local\Packages\PythonSoftwareFoundation.Python.3.13_qbz5n2kfra8p0\LocalCache\local-packages\Python313\site-packages\django\shortcuts.py", line 145, in resolve_url
    return reverse(to, args=args, kwargs=kwargs)
  File "C:\Users\3768148\AppData\Local\Packages\PythonSoftwareFoundation.Python.3.13_qbz5n2kfra8p0\LocalCache\local-packages\Python313\site-packages\django\urls\base.py", line 88, in reverse
    return resolver._reverse_with_prefix(view, prefix, *args, **kwargs)
           ~~~~~~~~~~~~~~~~~~~~~~~~~~~~~^^^^^^^^^^^^^^^^^^^^^^^^^^^^^^^
  File "C:\Users\3768148\AppData\Local\Packages\PythonSoftwareFoundation.Python.3.13_qbz5n2kfra8p0\LocalCache\local-packages\Python313\site-packages\django\urls\resolvers.py", line 828, in _reverse_with_prefix
    raise NoReverseMatch(msg)
django.urls.exceptions.NoReverseMatch: Reverse for 'login' not found. 'login' is not a valid view function or pattern name.
___________ TestChatMessages.test_post_message_requires_membership ____________
tests\test_chat_and_dice.py:73: in test_post_message_requires_membership
    assert response.status_code in [301, 302, 403]
E   assert 500 in [301, 302, 403]
E    +  where 500 = <JsonResponse status_code=500, "application/json">.status_code
---------------------------- Captured stdout call -----------------------------
[00:20:43] [CONNECT] 127.0.0.1 | User: player1 -> POST /campaign/2/chat/post/
---------------------------- Captured stderr call -----------------------------
Traceback (most recent call last):
  File "C:\Users\3768148\AppData\Local\Packages\PythonSoftwareFoundation.Python.3.13_qbz5n2kfra8p0\LocalCache\local-packages\Python313\site-packages\django\shortcuts.py", line 85, in get_object_or_404
    return queryset.get(*args, **kwargs)
           ~~~~~~~~~~~~^^^^^^^^^^^^^^^^^
  File "C:\Users\3768148\AppData\Local\Packages\PythonSoftwareFoundation.Python.3.13_qbz5n2kfra8p0\LocalCache\local-packages\Python313\site-packages\django\db\models\query.py", line 639, in get
    raise self.model.DoesNotExist(
        "%s matching query does not exist." % self.model._meta.object_name
    )
campaigns.models.CampaignMembership.DoesNotExist: CampaignMembership matching query does not exist.

During handling of the above exception, another exception occurred:

Traceback (most recent call last):
  File "C:\Users\3768148\OneDrive - Jabil\Documents\scripts\dnd-app\campaigns\views.py", line 803, in post_chat_message
    membership = get_object_or_404(CampaignMembership, user=request.user, campaign=campaign)
  File "C:\Users\3768148\AppData\Local\Packages\PythonSoftwareFoundation.Python.3.13_qbz5n2kfra8p0\LocalCache\local-packages\Python313\site-packages\django\shortcuts.py", line 87, in get_object_or_404
    raise Http404(
        "No %s matches the given query." % queryset.model._meta.object_name
    )
django.http.response.Http404: No CampaignMembership matches the given query.
------------------------------ Captured log call ------------------------------
ERROR    django.request:log.py:246 Internal Server Error: /campaign/2/chat/post/
___________________ TestChatMessages.test_edit_own_message ____________________
tests\test_chat_and_dice.py:86: in test_edit_own_message
    response = client_auth.post(reverse('campaigns:edit_chat_message',
..\..\..\..\AppData\Local\Packages\PythonSoftwareFoundation.Python.3.13_qbz5n2kfra8p0\LocalCache\local-packages\Python313\site-packages\django\test\client.py:951: in post
    response = super().post(
..\..\..\..\AppData\Local\Packages\PythonSoftwareFoundation.Python.3.13_qbz5n2kfra8p0\LocalCache\local-packages\Python313\site-packages\django\test\client.py:482: in post
    return self.generic(
..\..\..\..\AppData\Local\Packages\PythonSoftwareFoundation.Python.3.13_qbz5n2kfra8p0\LocalCache\local-packages\Python313\site-packages\django\test\client.py:609: in generic
    return self.request(**r)
           ^^^^^^^^^^^^^^^^^
..\..\..\..\AppData\Local\Packages\PythonSoftwareFoundation.Python.3.13_qbz5n2kfra8p0\LocalCache\local-packages\Python313\site-packages\django\test\client.py:894: in request
    self.check_exception(response)
..\..\..\..\AppData\Local\Packages\PythonSoftwareFoundation.Python.3.13_qbz5n2kfra8p0\LocalCache\local-packages\Python313\site-packages\django\test\client.py:741: in check_exception
    raise exc_value
..\..\..\..\AppData\Local\Packages\PythonSoftwareFoundation.Python.3.13_qbz5n2kfra8p0\LocalCache\local-packages\Python313\site-packages\django\core\handlers\exception.py:55: in inner
    response = get_response(request)
               ^^^^^^^^^^^^^^^^^^^^^
..\..\..\..\AppData\Local\Packages\PythonSoftwareFoundation.Python.3.13_qbz5n2kfra8p0\LocalCache\local-packages\Python313\site-packages\django\core\handlers\base.py:197: in _get_response
    response = wrapped_callback(request, *callback_args, **callback_kwargs)
               ^^^^^^^^^^^^^^^^^^^^^^^^^^^^^^^^^^^^^^^^^^^^^^^^^^^^^^^^^^^^
..\..\..\..\AppData\Local\Packages\PythonSoftwareFoundation.Python.3.13_qbz5n2kfra8p0\LocalCache\local-packages\Python313\site-packages\django\contrib\auth\decorators.py:23: in _wrapper_view
    return view_func(request, *args, **kwargs)
           ^^^^^^^^^^^^^^^^^^^^^^^^^^^^^^^^^^^
..\..\..\..\AppData\Local\Packages\PythonSoftwareFoundation.Python.3.13_qbz5n2kfra8p0\LocalCache\local-packages\Python313\site-packages\django\views\decorators\http.py:43: in inner
    return func(request, *args, **kwargs)
           ^^^^^^^^^^^^^^^^^^^^^^^^^^^^^^
campaigns\views.py:990: in edit_chat_message
    data = json.loads(request.body)
           ^^^^^^^^^^^^^^^^^^^^^^^^
C:\Program Files\WindowsApps\PythonSoftwareFoundation.Python.3.13_3.13.3824.0_x64__qbz5n2kfra8p0\Lib\json\__init__.py:352: in loads
    return _default_decoder.decode(s)
           ^^^^^^^^^^^^^^^^^^^^^^^^^^
C:\Program Files\WindowsApps\PythonSoftwareFoundation.Python.3.13_3.13.3824.0_x64__qbz5n2kfra8p0\Lib\json\decoder.py:345: in decode
    obj, end = self.raw_decode(s, idx=_w(s, 0).end())
               ^^^^^^^^^^^^^^^^^^^^^^^^^^^^^^^^^^^^^^
C:\Program Files\WindowsApps\PythonSoftwareFoundation.Python.3.13_3.13.3824.0_x64__qbz5n2kfra8p0\Lib\json\decoder.py:363: in raw_decode
    raise JSONDecodeError("Expecting value", s, err.value) from None
E   json.decoder.JSONDecodeError: Expecting value: line 1 column 1 (char 0)
---------------------------- Captured stdout call -----------------------------
[00:20:43] [CONNECT] 127.0.0.1 | User: player1 -> POST /chat/message/1/edit/
------------------------------ Captured log call ------------------------------
ERROR    django.request:log.py:246 Internal Server Error: /chat/message/1/edit/
Traceback (most recent call last):
  File "C:\Users\3768148\AppData\Local\Packages\PythonSoftwareFoundation.Python.3.13_qbz5n2kfra8p0\LocalCache\local-packages\Python313\site-packages\django\core\handlers\exception.py", line 55, in inner
    response = get_response(request)
  File "C:\Users\3768148\AppData\Local\Packages\PythonSoftwareFoundation.Python.3.13_qbz5n2kfra8p0\LocalCache\local-packages\Python313\site-packages\django\core\handlers\base.py", line 197, in _get_response
    response = wrapped_callback(request, *callback_args, **callback_kwargs)
  File "C:\Users\3768148\AppData\Local\Packages\PythonSoftwareFoundation.Python.3.13_qbz5n2kfra8p0\LocalCache\local-packages\Python313\site-packages\django\contrib\auth\decorators.py", line 23, in _wrapper_view
    return view_func(request, *args, **kwargs)
  File "C:\Users\3768148\AppData\Local\Packages\PythonSoftwareFoundation.Python.3.13_qbz5n2kfra8p0\LocalCache\local-packages\Python313\site-packages\django\views\decorators\http.py", line 43, in inner
    return func(request, *args, **kwargs)
  File "C:\Users\3768148\OneDrive - Jabil\Documents\scripts\dnd-app\campaigns\views.py", line 990, in edit_chat_message
    data = json.loads(request.body)
  File "C:\Program Files\WindowsApps\PythonSoftwareFoundation.Python.3.13_3.13.3824.0_x64__qbz5n2kfra8p0\Lib\json\__init__.py", line 352, in loads
    return _default_decoder.decode(s)
           ~~~~~~~~~~~~~~~~~~~~~~~^^^
  File "C:\Program Files\WindowsApps\PythonSoftwareFoundation.Python.3.13_3.13.3824.0_x64__qbz5n2kfra8p0\Lib\json\decoder.py", line 345, in decode
    obj, end = self.raw_decode(s, idx=_w(s, 0).end())
               ~~~~~~~~~~~~~~~^^^^^^^^^^^^^^^^^^^^^^^
  File "C:\Program Files\WindowsApps\PythonSoftwareFoundation.Python.3.13_3.13.3824.0_x64__qbz5n2kfra8p0\Lib\json\decoder.py", line 363, in raw_decode
    raise JSONDecodeError("Expecting value", s, err.value) from None
json.decoder.JSONDecodeError: Expecting value: line 1 column 1 (char 0)
__________________ TestChatMessages.test_delete_own_message ___________________
tests\test_chat_and_dice.py:134: in test_delete_own_message
    assert response.status_code in [301, 302]
E   assert 200 in [301, 302]
E    +  where 200 = <JsonResponse status_code=200, "application/json">.status_code
---------------------------- Captured stdout call -----------------------------
[00:20:45] [CONNECT] 127.0.0.1 | User: player1 -> POST /chat/message/1/delete/
_________________ TestDiceRolling.test_post_dice_roll_success _________________
tests\test_chat_and_dice.py:168: in test_post_dice_roll_success
    response = client_auth.post(reverse('campaigns:post_dice_roll',
..\..\..\..\AppData\Local\Packages\PythonSoftwareFoundation.Python.3.13_qbz5n2kfra8p0\LocalCache\local-packages\Python313\site-packages\django\test\client.py:951: in post
    response = super().post(
..\..\..\..\AppData\Local\Packages\PythonSoftwareFoundation.Python.3.13_qbz5n2kfra8p0\LocalCache\local-packages\Python313\site-packages\django\test\client.py:482: in post
    return self.generic(
..\..\..\..\AppData\Local\Packages\PythonSoftwareFoundation.Python.3.13_qbz5n2kfra8p0\LocalCache\local-packages\Python313\site-packages\django\test\client.py:609: in generic
    return self.request(**r)
           ^^^^^^^^^^^^^^^^^
..\..\..\..\AppData\Local\Packages\PythonSoftwareFoundation.Python.3.13_qbz5n2kfra8p0\LocalCache\local-packages\Python313\site-packages\django\test\client.py:894: in request
    self.check_exception(response)
..\..\..\..\AppData\Local\Packages\PythonSoftwareFoundation.Python.3.13_qbz5n2kfra8p0\LocalCache\local-packages\Python313\site-packages\django\test\client.py:741: in check_exception
    raise exc_value
..\..\..\..\AppData\Local\Packages\PythonSoftwareFoundation.Python.3.13_qbz5n2kfra8p0\LocalCache\local-packages\Python313\site-packages\django\core\handlers\exception.py:55: in inner
    response = get_response(request)
               ^^^^^^^^^^^^^^^^^^^^^
..\..\..\..\AppData\Local\Packages\PythonSoftwareFoundation.Python.3.13_qbz5n2kfra8p0\LocalCache\local-packages\Python313\site-packages\django\core\handlers\base.py:197: in _get_response
    response = wrapped_callback(request, *callback_args, **callback_kwargs)
               ^^^^^^^^^^^^^^^^^^^^^^^^^^^^^^^^^^^^^^^^^^^^^^^^^^^^^^^^^^^^
..\..\..\..\AppData\Local\Packages\PythonSoftwareFoundation.Python.3.13_qbz5n2kfra8p0\LocalCache\local-packages\Python313\site-packages\django\contrib\auth\decorators.py:23: in _wrapper_view
    return view_func(request, *args, **kwargs)
           ^^^^^^^^^^^^^^^^^^^^^^^^^^^^^^^^^^^
..\..\..\..\AppData\Local\Packages\PythonSoftwareFoundation.Python.3.13_qbz5n2kfra8p0\LocalCache\local-packages\Python313\site-packages\django\views\decorators\http.py:43: in inner
    return func(request, *args, **kwargs)
           ^^^^^^^^^^^^^^^^^^^^^^^^^^^^^^
campaigns\views.py:927: in post_dice_roll
    data = json.loads(request.body)
           ^^^^^^^^^^^^^^^^^^^^^^^^
C:\Program Files\WindowsApps\PythonSoftwareFoundation.Python.3.13_3.13.3824.0_x64__qbz5n2kfra8p0\Lib\json\__init__.py:352: in loads
    return _default_decoder.decode(s)
           ^^^^^^^^^^^^^^^^^^^^^^^^^^
C:\Program Files\WindowsApps\PythonSoftwareFoundation.Python.3.13_3.13.3824.0_x64__qbz5n2kfra8p0\Lib\json\decoder.py:345: in decode
    obj, end = self.raw_decode(s, idx=_w(s, 0).end())
               ^^^^^^^^^^^^^^^^^^^^^^^^^^^^^^^^^^^^^^
C:\Program Files\WindowsApps\PythonSoftwareFoundation.Python.3.13_3.13.3824.0_x64__qbz5n2kfra8p0\Lib\json\decoder.py:363: in raw_decode
    raise JSONDecodeError("Expecting value", s, err.value) from None
E   json.decoder.JSONDecodeError: Expecting value: line 1 column 1 (char 0)
---------------------------- Captured stdout call -----------------------------
[00:20:47] [CONNECT] 127.0.0.1 | User: player1 -> POST /campaign/1/dice/post/
------------------------------ Captured log call ------------------------------
ERROR    django.request:log.py:246 Internal Server Error: /campaign/1/dice/post/
Traceback (most recent call last):
  File "C:\Users\3768148\AppData\Local\Packages\PythonSoftwareFoundation.Python.3.13_qbz5n2kfra8p0\LocalCache\local-packages\Python313\site-packages\django\core\handlers\exception.py", line 55, in inner
    response = get_response(request)
  File "C:\Users\3768148\AppData\Local\Packages\PythonSoftwareFoundation.Python.3.13_qbz5n2kfra8p0\LocalCache\local-packages\Python313\site-packages\django\core\handlers\base.py", line 197, in _get_response
    response = wrapped_callback(request, *callback_args, **callback_kwargs)
  File "C:\Users\3768148\AppData\Local\Packages\PythonSoftwareFoundation.Python.3.13_qbz5n2kfra8p0\LocalCache\local-packages\Python313\site-packages\django\contrib\auth\decorators.py", line 23, in _wrapper_view
    return view_func(request, *args, **kwargs)
  File "C:\Users\3768148\AppData\Local\Packages\PythonSoftwareFoundation.Python.3.13_qbz5n2kfra8p0\LocalCache\local-packages\Python313\site-packages\django\views\decorators\http.py", line 43, in inner
    return func(request, *args, **kwargs)
  File "C:\Users\3768148\OneDrive - Jabil\Documents\scripts\dnd-app\campaigns\views.py", line 927, in post_dice_roll
    data = json.loads(request.body)
  File "C:\Program Files\WindowsApps\PythonSoftwareFoundation.Python.3.13_3.13.3824.0_x64__qbz5n2kfra8p0\Lib\json\__init__.py", line 352, in loads
    return _default_decoder.decode(s)
           ~~~~~~~~~~~~~~~~~~~~~~~^^^
  File "C:\Program Files\WindowsApps\PythonSoftwareFoundation.Python.3.13_3.13.3824.0_x64__qbz5n2kfra8p0\Lib\json\decoder.py", line 345, in decode
    obj, end = self.raw_decode(s, idx=_w(s, 0).end())
               ~~~~~~~~~~~~~~~^^^^^^^^^^^^^^^^^^^^^^^
  File "C:\Program Files\WindowsApps\PythonSoftwareFoundation.Python.3.13_3.13.3824.0_x64__qbz5n2kfra8p0\Lib\json\decoder.py", line 363, in raw_decode
    raise JSONDecodeError("Expecting value", s, err.value) from None
json.decoder.JSONDecodeError: Expecting value: line 1 column 1 (char 0)
_________ TestDiceRolling.test_post_dice_roll_requires_authentication _________
tests\test_chat_and_dice.py:182: in test_post_dice_roll_requires_authentication
    response = client.post(reverse('campaigns:post_dice_roll',
..\..\..\..\AppData\Local\Packages\PythonSoftwareFoundation.Python.3.13_qbz5n2kfra8p0\LocalCache\local-packages\Python313\site-packages\django\test\client.py:951: in post
    response = super().post(
..\..\..\..\AppData\Local\Packages\PythonSoftwareFoundation.Python.3.13_qbz5n2kfra8p0\LocalCache\local-packages\Python313\site-packages\django\test\client.py:482: in post
    return self.generic(
..\..\..\..\AppData\Local\Packages\PythonSoftwareFoundation.Python.3.13_qbz5n2kfra8p0\LocalCache\local-packages\Python313\site-packages\django\test\client.py:609: in generic
    return self.request(**r)
           ^^^^^^^^^^^^^^^^^
..\..\..\..\AppData\Local\Packages\PythonSoftwareFoundation.Python.3.13_qbz5n2kfra8p0\LocalCache\local-packages\Python313\site-packages\django\test\client.py:894: in request
    self.check_exception(response)
..\..\..\..\AppData\Local\Packages\PythonSoftwareFoundation.Python.3.13_qbz5n2kfra8p0\LocalCache\local-packages\Python313\site-packages\django\test\client.py:741: in check_exception
    raise exc_value
..\..\..\..\AppData\Local\Packages\PythonSoftwareFoundation.Python.3.13_qbz5n2kfra8p0\LocalCache\local-packages\Python313\site-packages\django\core\handlers\exception.py:55: in inner
    response = get_response(request)
               ^^^^^^^^^^^^^^^^^^^^^
..\..\..\..\AppData\Local\Packages\PythonSoftwareFoundation.Python.3.13_qbz5n2kfra8p0\LocalCache\local-packages\Python313\site-packages\django\core\handlers\base.py:197: in _get_response
    response = wrapped_callback(request, *callback_args, **callback_kwargs)
               ^^^^^^^^^^^^^^^^^^^^^^^^^^^^^^^^^^^^^^^^^^^^^^^^^^^^^^^^^^^^
..\..\..\..\AppData\Local\Packages\PythonSoftwareFoundation.Python.3.13_qbz5n2kfra8p0\LocalCache\local-packages\Python313\site-packages\django\contrib\auth\decorators.py:25: in _wrapper_view
    resolved_login_url = resolve_url(login_url or settings.LOGIN_URL)
                         ^^^^^^^^^^^^^^^^^^^^^^^^^^^^^^^^^^^^^^^^^^^^
..\..\..\..\AppData\Local\Packages\PythonSoftwareFoundation.Python.3.13_qbz5n2kfra8p0\LocalCache\local-packages\Python313\site-packages\django\shortcuts.py:145: in resolve_url
    return reverse(to, args=args, kwargs=kwargs)
           ^^^^^^^^^^^^^^^^^^^^^^^^^^^^^^^^^^^^^
..\..\..\..\AppData\Local\Packages\PythonSoftwareFoundation.Python.3.13_qbz5n2kfra8p0\LocalCache\local-packages\Python313\site-packages\django\urls\base.py:88: in reverse
    return resolver._reverse_with_prefix(view, prefix, *args, **kwargs)
           ^^^^^^^^^^^^^^^^^^^^^^^^^^^^^^^^^^^^^^^^^^^^^^^^^^^^^^^^^^^^
..\..\..\..\AppData\Local\Packages\PythonSoftwareFoundation.Python.3.13_qbz5n2kfra8p0\LocalCache\local-packages\Python313\site-packages\django\urls\resolvers.py:828: in _reverse_with_prefix
    raise NoReverseMatch(msg)
E   django.urls.exceptions.NoReverseMatch: Reverse for 'login' not found. 'login' is not a valid view function or pattern name.
---------------------------- Captured stdout call -----------------------------
[00:20:47] [CONNECT] 127.0.0.1 -> POST /campaign/1/dice/post/
------------------------------ Captured log call ------------------------------
ERROR    django.request:log.py:246 Internal Server Error: /campaign/1/dice/post/
Traceback (most recent call last):
  File "C:\Users\3768148\AppData\Local\Packages\PythonSoftwareFoundation.Python.3.13_qbz5n2kfra8p0\LocalCache\local-packages\Python313\site-packages\django\core\handlers\exception.py", line 55, in inner
    response = get_response(request)
  File "C:\Users\3768148\AppData\Local\Packages\PythonSoftwareFoundation.Python.3.13_qbz5n2kfra8p0\LocalCache\local-packages\Python313\site-packages\django\core\handlers\base.py", line 197, in _get_response
    response = wrapped_callback(request, *callback_args, **callback_kwargs)
  File "C:\Users\3768148\AppData\Local\Packages\PythonSoftwareFoundation.Python.3.13_qbz5n2kfra8p0\LocalCache\local-packages\Python313\site-packages\django\contrib\auth\decorators.py", line 25, in _wrapper_view
    resolved_login_url = resolve_url(login_url or settings.LOGIN_URL)
  File "C:\Users\3768148\AppData\Local\Packages\PythonSoftwareFoundation.Python.3.13_qbz5n2kfra8p0\LocalCache\local-packages\Python313\site-packages\django\shortcuts.py", line 145, in resolve_url
    return reverse(to, args=args, kwargs=kwargs)
  File "C:\Users\3768148\AppData\Local\Packages\PythonSoftwareFoundation.Python.3.13_qbz5n2kfra8p0\LocalCache\local-packages\Python313\site-packages\django\urls\base.py", line 88, in reverse
    return resolver._reverse_with_prefix(view, prefix, *args, **kwargs)
           ~~~~~~~~~~~~~~~~~~~~~~~~~~~~~^^^^^^^^^^^^^^^^^^^^^^^^^^^^^^^
  File "C:\Users\3768148\AppData\Local\Packages\PythonSoftwareFoundation.Python.3.13_qbz5n2kfra8p0\LocalCache\local-packages\Python313\site-packages\django\urls\resolvers.py", line 828, in _reverse_with_prefix
    raise NoReverseMatch(msg)
django.urls.exceptions.NoReverseMatch: Reverse for 'login' not found. 'login' is not a valid view function or pattern name.
___________ TestDiceRolling.test_post_dice_roll_requires_membership ___________
tests\test_chat_and_dice.py:210: in test_post_dice_roll_requires_membership
    assert response.status_code in [301, 302, 403]
E   assert 404 in [301, 302, 403]
E    +  where 404 = <HttpResponseNotFound status_code=404, "text/html; charset=utf-8">.status_code
---------------------------- Captured stdout call -----------------------------
[00:20:48] [CONNECT] 127.0.0.1 | User: player1 -> POST /campaign/2/dice/post/
------------------------------ Captured log call ------------------------------
WARNING  django.request:log.py:246 Not Found: /campaign/2/dice/post/
________________ TestDiceRolling.test_various_dice_expressions ________________
tests\test_chat_and_dice.py:225: in test_various_dice_expressions
    response = client_auth.post(reverse('campaigns:post_dice_roll',
..\..\..\..\AppData\Local\Packages\PythonSoftwareFoundation.Python.3.13_qbz5n2kfra8p0\LocalCache\local-packages\Python313\site-packages\django\test\client.py:951: in post
    response = super().post(
..\..\..\..\AppData\Local\Packages\PythonSoftwareFoundation.Python.3.13_qbz5n2kfra8p0\LocalCache\local-packages\Python313\site-packages\django\test\client.py:482: in post
    return self.generic(
..\..\..\..\AppData\Local\Packages\PythonSoftwareFoundation.Python.3.13_qbz5n2kfra8p0\LocalCache\local-packages\Python313\site-packages\django\test\client.py:609: in generic
    return self.request(**r)
           ^^^^^^^^^^^^^^^^^
..\..\..\..\AppData\Local\Packages\PythonSoftwareFoundation.Python.3.13_qbz5n2kfra8p0\LocalCache\local-packages\Python313\site-packages\django\test\client.py:894: in request
    self.check_exception(response)
..\..\..\..\AppData\Local\Packages\PythonSoftwareFoundation.Python.3.13_qbz5n2kfra8p0\LocalCache\local-packages\Python313\site-packages\django\test\client.py:741: in check_exception
    raise exc_value
..\..\..\..\AppData\Local\Packages\PythonSoftwareFoundation.Python.3.13_qbz5n2kfra8p0\LocalCache\local-packages\Python313\site-packages\django\core\handlers\exception.py:55: in inner
    response = get_response(request)
               ^^^^^^^^^^^^^^^^^^^^^
..\..\..\..\AppData\Local\Packages\PythonSoftwareFoundation.Python.3.13_qbz5n2kfra8p0\LocalCache\local-packages\Python313\site-packages\django\core\handlers\base.py:197: in _get_response
    response = wrapped_callback(request, *callback_args, **callback_kwargs)
               ^^^^^^^^^^^^^^^^^^^^^^^^^^^^^^^^^^^^^^^^^^^^^^^^^^^^^^^^^^^^
..\..\..\..\AppData\Local\Packages\PythonSoftwareFoundation.Python.3.13_qbz5n2kfra8p0\LocalCache\local-packages\Python313\site-packages\django\contrib\auth\decorators.py:23: in _wrapper_view
    return view_func(request, *args, **kwargs)
           ^^^^^^^^^^^^^^^^^^^^^^^^^^^^^^^^^^^
..\..\..\..\AppData\Local\Packages\PythonSoftwareFoundation.Python.3.13_qbz5n2kfra8p0\LocalCache\local-packages\Python313\site-packages\django\views\decorators\http.py:43: in inner
    return func(request, *args, **kwargs)
           ^^^^^^^^^^^^^^^^^^^^^^^^^^^^^^
campaigns\views.py:927: in post_dice_roll
    data = json.loads(request.body)
           ^^^^^^^^^^^^^^^^^^^^^^^^
C:\Program Files\WindowsApps\PythonSoftwareFoundation.Python.3.13_3.13.3824.0_x64__qbz5n2kfra8p0\Lib\json\__init__.py:352: in loads
    return _default_decoder.decode(s)
           ^^^^^^^^^^^^^^^^^^^^^^^^^^
C:\Program Files\WindowsApps\PythonSoftwareFoundation.Python.3.13_3.13.3824.0_x64__qbz5n2kfra8p0\Lib\json\decoder.py:345: in decode
    obj, end = self.raw_decode(s, idx=_w(s, 0).end())
               ^^^^^^^^^^^^^^^^^^^^^^^^^^^^^^^^^^^^^^
C:\Program Files\WindowsApps\PythonSoftwareFoundation.Python.3.13_3.13.3824.0_x64__qbz5n2kfra8p0\Lib\json\decoder.py:363: in raw_decode
    raise JSONDecodeError("Expecting value", s, err.value) from None
E   json.decoder.JSONDecodeError: Expecting value: line 1 column 1 (char 0)
---------------------------- Captured stdout call -----------------------------
[00:20:49] [CONNECT] 127.0.0.1 | User: player1 -> POST /campaign/1/dice/post/
------------------------------ Captured log call ------------------------------
ERROR    django.request:log.py:246 Internal Server Error: /campaign/1/dice/post/
Traceback (most recent call last):
  File "C:\Users\3768148\AppData\Local\Packages\PythonSoftwareFoundation.Python.3.13_qbz5n2kfra8p0\LocalCache\local-packages\Python313\site-packages\django\core\handlers\exception.py", line 55, in inner
    response = get_response(request)
  File "C:\Users\3768148\AppData\Local\Packages\PythonSoftwareFoundation.Python.3.13_qbz5n2kfra8p0\LocalCache\local-packages\Python313\site-packages\django\core\handlers\base.py", line 197, in _get_response
    response = wrapped_callback(request, *callback_args, **callback_kwargs)
  File "C:\Users\3768148\AppData\Local\Packages\PythonSoftwareFoundation.Python.3.13_qbz5n2kfra8p0\LocalCache\local-packages\Python313\site-packages\django\contrib\auth\decorators.py", line 23, in _wrapper_view
    return view_func(request, *args, **kwargs)
  File "C:\Users\3768148\AppData\Local\Packages\PythonSoftwareFoundation.Python.3.13_qbz5n2kfra8p0\LocalCache\local-packages\Python313\site-packages\django\views\decorators\http.py", line 43, in inner
    return func(request, *args, **kwargs)
  File "C:\Users\3768148\OneDrive - Jabil\Documents\scripts\dnd-app\campaigns\views.py", line 927, in post_dice_roll
    data = json.loads(request.body)
  File "C:\Program Files\WindowsApps\PythonSoftwareFoundation.Python.3.13_3.13.3824.0_x64__qbz5n2kfra8p0\Lib\json\__init__.py", line 352, in loads
    return _default_decoder.decode(s)
           ~~~~~~~~~~~~~~~~~~~~~~~^^^
  File "C:\Program Files\WindowsApps\PythonSoftwareFoundation.Python.3.13_3.13.3824.0_x64__qbz5n2kfra8p0\Lib\json\decoder.py", line 345, in decode
    obj, end = self.raw_decode(s, idx=_w(s, 0).end())
               ~~~~~~~~~~~~~~~^^^^^^^^^^^^^^^^^^^^^^^
  File "C:\Program Files\WindowsApps\PythonSoftwareFoundation.Python.3.13_3.13.3824.0_x64__qbz5n2kfra8p0\Lib\json\decoder.py", line 363, in raw_decode
    raise JSONDecodeError("Expecting value", s, err.value) from None
json.decoder.JSONDecodeError: Expecting value: line 1 column 1 (char 0)
=============================== tests coverage ================================
______________ coverage: platform win32, python 3.13.14-final-0 _______________

Name                                                                   Stmts   Miss  Cover   Missing
----------------------------------------------------------------------------------------------------
campaigns\__init__.py                                                      0      0   100%
campaigns\admin.py                                                        43     43     0%   1-61
campaigns\forms.py                                                       104     39    62%   19-22, 48-54, 69-79, 102-105, 108-122, 234-243
campaigns\middleware.py                                                   18      1    94%   14
campaigns\migrations\0001_initial.py                                      11      0   100%
campaigns\migrations\0002_add_must_change_password_field.py                4      0   100%
campaigns\migrations\0003_add_campaign_tracking_fields.py                  4      0   100%
campaigns\migrations\0004_change_user_foreign_keys_to_set_null.py          6      0   100%
campaigns\migrations\0005_add_sender_name_fields_for_archival.py           4      0   100%
campaigns\migrations\0006_chatmessage_recipient.py                         6      0   100%
campaigns\migrations\0007_alter_chatmessage_message_type.py                4      0   100%
campaigns\migrations\0008_add_secret_whisper_and_multi_recipients.py       5      0   100%
campaigns\migrations\0009_personalnotebook.py                              6      0   100%
campaigns\migrations\0010_add_campaign_rule_book.py                        5      0   100%
campaigns\migrations\__init__.py                                           0      0   100%
campaigns\models.py                                                      171    149    13%   1-13, 17-26, 29, 33, 37, 42, 49-65, 68, 73-190, 193, 199-203, 215-284
campaigns\urls.py                                                          4      0   100%
campaigns\views.py                                                       672    291    57%   20, 23-34, 54-55, 61-62, 68-86, 93-100, 112-113, 118-123, 160-161, 185-188, 191-194, 233-260, 378-382, 388-390, 395, 399, 440, 475-476, 509-510, 534-535, 582-608, 623-624, 633, 660, 664-668, 673, 681-683, 696, 699, 720, 726, 734-756, 774-776, 791-794, 824-917, 928-965, 982-984, 991-1000, 1016-1018, 1032-1054, 1061-1089, 1096-1124, 1138, 1142, 1146, 1151, 1159-1162, 1174, 1179, 1227-1228, 1238-1247, 1261-1275, 1289-1290, 1320-1330
----------------------------------------------------------------------------------------------------
TOTAL                                                                   1067    523    51%
Coverage HTML written to dir tests/coverage_html
=========================== short test summary info ===========================
FAILED tests\test_admin.py::TestCampaignAdministration::test_admin_can_view_all_campaigns - django.template.base.VariableDoesNotExist: Failed lookup for key [username] in None
FAILED tests\test_admin.py::TestSecretWhispers::test_admin_can_view_secrets - django.core.exceptions.FieldError: Invalid field name(s) given in select_related: 'recipient'. Choices are: sender, campaign, party_group
FAILED tests\test_chat_and_dice.py::TestChatMessages::test_post_message_success - assert 400 in [200, 201]
 +  where 400 = <JsonResponse status_code=400, "application/json">.status_code
FAILED tests\test_chat_and_dice.py::TestChatMessages::test_post_message_requires_authentication - django.urls.exceptions.NoReverseMatch: Reverse for 'login' not found. 'login' is not a valid view function or pattern name.
FAILED tests\test_chat_and_dice.py::TestChatMessages::test_post_message_requires_membership - assert 500 in [301, 302, 403]
 +  where 500 = <JsonResponse status_code=500, "application/json">.status_code
FAILED tests\test_chat_and_dice.py::TestChatMessages::test_edit_own_message - json.decoder.JSONDecodeError: Expecting value: line 1 column 1 (char 0)
FAILED tests\test_chat_and_dice.py::TestChatMessages::test_delete_own_message - assert 200 in [301, 302]
 +  where 200 = <JsonResponse status_code=200, "application/json">.status_code
FAILED tests\test_chat_and_dice.py::TestDiceRolling::test_post_dice_roll_success - json.decoder.JSONDecodeError: Expecting value: line 1 column 1 (char 0)
FAILED tests\test_chat_and_dice.py::TestDiceRolling::test_post_dice_roll_requires_authentication - django.urls.exceptions.NoReverseMatch: Reverse for 'login' not found. 'login' is not a valid view function or pattern name.
FAILED tests\test_chat_and_dice.py::TestDiceRolling::test_post_dice_roll_requires_membership - assert 404 in [301, 302, 403]
 +  where 404 = <HttpResponseNotFound status_code=404, "text/html; charset=utf-8">.status_code
FAILED tests\test_chat_and_dice.py::TestDiceRolling::test_various_dice_expressions - json.decoder.JSONDecodeError: Expecting value: line 1 column 1 (char 0)
================== 11 failed, 97 passed in 61.96s (0:01:01) ===================
